// Jest Snapshot v1, https://goo.gl/fbAQLP

exports[`<Home/> should render correctly 1`] = `ShallowWrapper {}`;
