// Jest Snapshot v1, https://goo.gl/fbAQLP

exports[`<RootModal/> should render correctly 1`] = `ShallowWrapper {}`;
