// Jest Snapshot v1, https://goo.gl/fbAQLP

exports[`<LoginForm/> should render correctly 1`] = `ShallowWrapper {}`;
